// Jest Snapshot v1, https://goo.gl/fbAQLP

exports[`'generate' script parse data dir and compile correct token list 1`] = `
Object {
  "keywords": Array [
    "scaling",
    "layer2",
    "infrastructure",
  ],
  "logoURI": "https://token-list.mantle.xyz/mantle_logo.svg",
  "name": "Mantle",
  "timestamp": "2022-08-17T17:00:00.000Z",
  "tokens": Array [
    Object {
      "address": "0x0000000000000000000000000000000000000000",
      "chainId": 5,
      "decimals": 18,
      "extensions": Object {
        "optimismBridgeAddress": "0x1050ec8fC7eB534c5Be07F4a0FF8641D821eE821",
      },
      "logoURI": "https://token-list.mantle.xyz/data/ETH/logo.svg",
      "name": "Ether",
      "symbol": "ETH",
    },
    Object {
      "address": "0xdEAddEaDdeadDEadDEADDEAddEADDEAddead1111",
      "chainId": 5001,
      "decimals": 18,
      "extensions": Object {
        "optimismBridgeAddress": "0x4200000000000000000000000000000000000010",
      },
      "logoURI": "https://token-list.mantle.xyz/data/ETH/logo.svg",
      "name": "Ether",
      "symbol": "ETH",
    },
    Object {
      "address": "0x5a94Dc6cc85fdA49d8E9A8b85DDE8629025C42be",
      "chainId": 5,
      "decimals": 18,
      "extensions": Object {
        "optimismBridgeAddress": "0x1050ec8fC7eB534c5Be07F4a0FF8641D821eE821",
      },
      "logoURI": "https://token-list.mantle.xyz/data/BitDAO/logo.png",
      "name": "Mantle",
      "symbol": "BIT",
    },
    Object {
      "address": "0xDeadDeAddeAddEAddeadDEaDDEAdDeaDDeAD0000",
      "chainId": 5001,
      "decimals": 18,
      "extensions": Object {
        "optimismBridgeAddress": "0x4200000000000000000000000000000000000010",
      },
      "logoURI": "https://token-list.mantle.xyz/data/BitDAO/logo.png",
      "name": "Mantle",
      "symbol": "BIT",
    },
  ],
  "version": Object {
    "major": 4,
    "minor": 3,
    "patch": 0,
  },
}
`;
