// Jest Snapshot v1, https://goo.gl/fbAQLP

exports[`'generate' script parse data dir and compile correct token list 1`] = `
Object {
  "keywords": Array [
    "scaling",
    "layer2",
    "infrastructure",
  ],
  "logoURI": "https://token-list.mantle.xyz/mantle_logo.svg",
  "name": "Mantle",
  "timestamp": "2022-08-17T17:00:00.000Z",
  "tokens": Array [
    Object {
      "address": "0x0000000000000000000000000000000000000000",
      "chainId": 560048,
      "decimals": 18,
      "extensions": Object {
        "optimismBridgeAddress": "0x9A28426964b13791f07e9C19afe797b0c69a004c",
      },
      "logoURI": "https://token-list.mantle.xyz/data/ETH/logo.svg",
      "name": "Ether",
      "symbol": "ETH",
      "tickers": undefined,
    },
    Object {
      "address": "0xdEAddEaDdeadDEadDEADDEAddEADDEAddead1111",
      "chainId": 5001,
      "decimals": 18,
      "extensions": Object {
        "optimismBridgeAddress": "0x4200000000000000000000000000000000000010",
      },
      "logoURI": "https://token-list.mantle.xyz/data/ETH/logo.svg",
      "name": "Ether",
      "symbol": "ETH",
      "tickers": undefined,
    },
  ],
  "version": Object {
    "major": 1,
    "minor": 0,
    "patch": 0,
  },
}
`;
